// Jest Snapshot v1, https://goo.gl/fbAQLP

exports[`validateRequest should respond with an error when schema does not validate 1`] = `
Array [
  Object {
    "code": 400,
    "message": "ValidationError: child \\"prop1\\" fails because [\\"prop1\\" must be a string]",
  },
]
`;
