// Jest Snapshot v1, https://goo.gl/fbAQLP

exports[`DragAndDropContainer react component should enable iconHandle on children if iconHandle is enabled in container 1`] = `
<div>
  <ul
    className="list-group"
  >
    <Connect(DragSource(DropTarget(DragAndDropItem)))
      container={
        Object {
          "id": "opr5tpw56w",
        }
      }
      iconHandle={true}
      id={1}
      index={0}
      key="1"
      moveItem={[Function]}
      originalItem={
        Object {
          "content": "A rude awakening",
          "id": 1,
        }
      }
      removeItem={[Function]}
    />
    <Connect(DragSource(DropTarget(DragAndDropItem)))
      container={
        Object {
          "id": "opr5tpw56w",
        }
      }
      iconHandle={true}
      id={2}
      index={1}
      key="2"
      moveItem={[Function]}
      originalItem={
        Object {
          "content": "A nice awakening",
          "id": 2,
        }
      }
      removeItem={[Function]}
    />
    <div
      className="no-properties"
    >
      <div
        className="no-properties-wrap"
      >
        Drag items here
      </div>
    </div>
  </ul>
</div>
`;
