// Jest Snapshot v1, https://goo.gl/fbAQLP

exports[`search.searchGeolocations should allow filtering as in normal search 1`] = `Array []`;

exports[`search.searchGeolocations should include all geolocation finds, inheriting metadata 1`] = `Array []`;
