// Jest Snapshot v1, https://goo.gl/fbAQLP

exports[`Captcha should render a Captcha image with an input 1`] = `
<div
  className="captcha"
>
  <img
    alt="captcha"
    src="/captcha"
  />
  <input
    className="form-control"
    onChange={[Function]}
    value=""
  />
</div>
`;
