// Jest Snapshot v1, https://goo.gl/fbAQLP

exports[`ConfirmModal should  1`] = `
<Modal
  isOpen={true}
  type="danger"
>
  <Body>
    <h4>
      Confirm action
    </h4>
    <p>
      Are you sure you want to continue?
    </p>
  </Body>
  <Footer>
    <button
      className="btn btn-default cancel-button"
      onClick={[Function]}
      type="button"
    >
      Cancel
    </button>
    <button
      className="btn confirm-button btn-danger"
      onClick={[Function]}
      type="button"
    >
      Accept
    </button>
  </Footer>
</Modal>
`;

exports[`ConfirmModal should call onCancel and onAccept 1`] = `
<Modal
  isOpen={true}
  type="danger"
>
  <Body>
    <h4>
      Confirm action
    </h4>
    <p>
      Are you sure you want to continue?
    </p>
  </Body>
  <Footer>
    <button
      className="btn btn-default cancel-button"
      onClick={[Function]}
      type="button"
    >
      Cancel
    </button>
    <button
      className="btn confirm-button btn-danger"
      onClick={[Function]}
      type="button"
    >
      Accept
    </button>
  </Footer>
</Modal>
`;

exports[`ConfirmModal should render a confirm modal 1`] = `
<Modal
  isOpen={true}
  type="danger"
>
  <Body>
    <h4>
      Confirm action
    </h4>
    <p>
      Are you sure you want to continue?
    </p>
  </Body>
  <Footer>
    <button
      className="btn btn-default cancel-button"
      onClick={[Function]}
      type="button"
    >
      Cancel
    </button>
    <button
      className="btn confirm-button btn-danger"
      onClick={[Function]}
      type="button"
    >
      Accept
    </button>
  </Footer>
</Modal>
`;

exports[`ConfirmModal should render a confirm modal 2`] = `
<Modal
  isOpen={true}
  type="danger"
>
  <Body>
    <h4>
      Confirm action
    </h4>
    <p>
      Are you sure you want to continue?
    </p>
  </Body>
  <Footer>
    <button
      className="btn btn-default cancel-button"
      onClick={[Function]}
      type="button"
    >
      Cancel
    </button>
    <button
      className="btn confirm-button btn-danger"
      onClick={[Function]}
      type="button"
    >
      Accept
    </button>
  </Footer>
</Modal>
`;

exports[`ConfirmModal when clicking on cancel/accept buttond should call onCancel and onAccept 1`] = `
<Modal
  isOpen={true}
  type="danger"
>
  <Body>
    <h4>
      Confirm action
    </h4>
    <p>
      Are you sure you want to continue?
    </p>
  </Body>
  <Footer>
    <button
      className="btn btn-default cancel-button"
      onClick={[Function]}
      type="button"
    >
      Cancel
    </button>
    <button
      className="btn confirm-button btn-danger"
      onClick={[Function]}
      type="button"
    >
      Accept
    </button>
  </Footer>
</Modal>
`;
