// Jest Snapshot v1, https://goo.gl/fbAQLP

exports[`StoreValue should call render prop with value selected 1`] = `
<span>
  value
</span>
`;
