// Jest Snapshot v1, https://goo.gl/fbAQLP

exports[`entities POST should have a validation schema 1`] = `
Object {
  "children": Object {
    "email": Object {
      "flags": Object {
        "presence": "required",
      },
      "invalids": Array [
        "",
      ],
      "type": "string",
    },
    "message": Object {
      "flags": Object {
        "presence": "required",
      },
      "invalids": Array [
        "",
      ],
      "type": "string",
    },
    "name": Object {
      "flags": Object {
        "presence": "required",
      },
      "invalids": Array [
        "",
      ],
      "type": "string",
    },
  },
  "flags": Object {
    "presence": "required",
  },
  "type": "object",
}
`;
