// Jest Snapshot v1, https://goo.gl/fbAQLP

exports[`ResultsFiltersPanel render should render a result 1`] = `
<SidePanel
  open={true}
>
  <div
    className="sidepanel-body"
  >
    <div
      className="sidepanel-title"
    >
      Fine tune
    </div>
    <Connect(Form)
      model="semanticSearch.resultsFilters"
    >
      <div
        className="view"
      >
        <dl
          className="metadata-type-text"
          key="Threshold"
        >
          <dt>
            Threshold
             
            1000%
          </dt>
          <dd>
            <NumericRangeSlide
              delay={200}
              max={1}
              min={0.3}
              model=".threshold"
              prefix="threshold"
              step={0.01}
            />
          </dd>
        </dl>
        <dl
          className="metadata-type-text"
          key="Minimum relevant sentences"
        >
          <dt>
            Minimum relevant sentences
             
          </dt>
          <dd>
            <NumericRangeSlide
              delay={200}
              max={50}
              min={1}
              model=".minRelevantSentences"
              prefix="minRelevantSentences"
              step={1}
            />
          </dd>
        </dl>
      </div>
    </Connect(Form)>
  </div>
</SidePanel>
`;
