// Jest Snapshot v1, https://goo.gl/fbAQLP

exports[`relationships bulk() should save or delete the relationships 1`] = `
Array [
  Array [
    Object {
      "_id": "5bf2e59453845c43e7f5652a",
      "entity": "entity3",
      "entityData": Object {
        "_id": "5bf2e59453845c43e7f56569",
        "creationDate": 456,
        "icon": "icon3",
        "language": "en",
        "metadata": Object {
          "data": "data2",
        },
        "published": true,
        "sharedId": "entity3",
        "template": "5bf2e59453845c43e7f56530",
        "title": "entity3 title",
        "type": "entity",
      },
      "hub": "5bf2e59453845c43e7f5653c",
      "range": Object {
        "text": "changed text",
      },
      "template": "5bf2e59453845c43e7f56538",
    },
  ],
  Object {
    "n": 1,
    "ok": 1,
  },
  Object {
    "n": 1,
    "ok": 1,
  },
]
`;
