// Jest Snapshot v1, https://goo.gl/fbAQLP

exports[`ThesauriForm render should render groups and values 1`] = `
<div
  className="thesauri"
>
  <Connect(Form)
    model="thesauri.data"
    onSubmit={[Function]}
    validators={
      Object {
        "name": Object {
          "duplicated": [Function],
          "required": [Function],
        },
      }
    }
  >
    <div
      className="panel panel-default thesauri"
    >
      <div
        className="panel-heading"
      >
        <FormGroup>
          <Modeled(Connect(Field))
            model=".name"
          >
            <input
              className="form-control"
              id="thesauriName"
              placeholder="Thesauri name"
              type="text"
            />
            <ShowIf>
              <div
                className="validation-error"
              >
                <Component
                  icon="exclamation-triangle"
                  size="xs"
                />
                 Duplicated name
              </div>
            </ShowIf>
          </Modeled(Connect(Field))>
        </FormGroup>
      </div>
      <ul
        className="thesauri-values list-group"
      >
        <li
          className="list-group-item"
        >
          <b>
            Items:
          </b>
          <button
            alt="move"
            className="rounded-icon-small"
            onClick={[Function]}
            tabIndex={500}
            type="button"
          >
            <Connect(DirectionAwareIcon)
              icon="arrow-left"
              size="xs"
            />
          </button>
        </li>
        <ThesauriFormField
          index={0}
          key="0"
          moveToGroup={[Function]}
          moving={false}
          removeValue={[Function]}
          toggleToMove={[Function]}
          value={
            Object {
              "label": "Heroes",
              "values": Array [
                Object {
                  "label": "Batman",
                },
                Object {
                  "label": "Robin",
                },
              ],
            }
          }
        />
        <ThesauriFormField
          index={1}
          key="1"
          moveToGroup={[Function]}
          moving={false}
          removeValue={[Function]}
          toggleToMove={[Function]}
          value={
            Object {
              "label": "Villains",
              "values": Array [
                Object {
                  "label": "Joker",
                },
                Object {
                  "label": "Penguin",
                },
              ],
            }
          }
        />
      </ul>
      <div
        className="settings-footer"
      >
        <Connect(I18NLink)
          className="btn btn-default"
          to="/settings/dictionaries"
        >
          <Connect(DirectionAwareIcon)
            icon="arrow-left"
          />
          <span
            className="btn-label"
          >
            Back
          </span>
        </Connect(I18NLink)>
        <a
          className="btn btn-primary"
          onClick={[Function]}
        >
          <Component
            icon="plus"
          />
          <span
            className="btn-label"
          >
            Add group
          </span>
        </a>
        <a
          className="btn btn-primary"
          onClick={[Function]}
        >
          <Component
            icon="sort-alpha-down"
          />
          <span
            className="btn-label"
          >
            Sort
          </span>
        </a>
        <button
          className="btn btn-success save-template"
        >
          <Component
            icon="save"
          />
          <span
            className="btn-label"
          >
            Save
          </span>
        </button>
      </div>
    </div>
  </Connect(Form)>
</div>
`;
