// Jest Snapshot v1, https://goo.gl/fbAQLP

exports[`worker start should process documents in the search in batches and emit event when done 1`] = `
Array [
  Array [
    "search",
    5,
  ],
  Array [
    "search",
    5,
  ],
  Array [
    "search",
    5,
  ],
]
`;
